GowinSynthesis start
Running parser ...
Analyzing Verilog file 'C:\Users\user\Downloads\SV_240812_mhut_2001\SV_240812_mhut_2001\pwm_servo\src\pwm.sv'
Analyzing Verilog file 'C:\Users\user\Downloads\SV_240812_mhut_2001\SV_240812_mhut_2001\pwm_servo\src\test_pwm_servo.sv'
Analyzing Verilog file 'C:\Users\user\Downloads\SV_240812_mhut_2001\SV_240812_mhut_2001\pwm_servo\src\gowin_pll\gowin_pll.v'
Analyzing Verilog file 'C:\Users\user\Downloads\SV_240812_mhut_2001\SV_240812_mhut_2001\pwm_servo\src\gowin_pll\gowin_pll_mod.v'
Analyzing Verilog file 'C:\Users\user\Downloads\SV_240812_mhut_2001\SV_240812_mhut_2001\pwm_servo\src\pll_init.v'
Compiling module 'test_pwm_servo'("C:\Users\user\Downloads\SV_240812_mhut_2001\SV_240812_mhut_2001\pwm_servo\src\test_pwm_servo.sv":1)
WARN  (EX3791) : Expression size 11 truncated to fit in target size 10("C:\Users\user\Downloads\SV_240812_mhut_2001\SV_240812_mhut_2001\pwm_servo\src\test_pwm_servo.sv":19)
Compiling module 'Gowin_PLL'("C:\Users\user\Downloads\SV_240812_mhut_2001\SV_240812_mhut_2001\pwm_servo\src\gowin_pll\gowin_pll.v":1)
Compiling module 'Gowin_PLL_MOD'("C:\Users\user\Downloads\SV_240812_mhut_2001\SV_240812_mhut_2001\pwm_servo\src\gowin_pll\gowin_pll_mod.v":11)
Compiling module 'PLL_INIT(MULTI_FAC=14)'("C:\Users\user\Downloads\SV_240812_mhut_2001\SV_240812_mhut_2001\pwm_servo\src\pll_init.v":4)
WARN  (EX2565) : Input 'mdclk' on this instance is undriven. Assigning to 0, simulation mismatch possible. Please assign the input or remove the declaration("C:\Users\user\Downloads\SV_240812_mhut_2001\SV_240812_mhut_2001\pwm_servo\src\test_pwm_servo.sv":44)
NOTE  (EX0101) : Current top module is "test_pwm_servo"
[5%] Running netlist conversion ...
WARN  (CV0016) : Input reset is unused("C:\Users\user\Downloads\SV_240812_mhut_2001\SV_240812_mhut_2001\pwm_servo\src\test_pwm_servo.sv":3)
Running device independent optimization ...
[10%] Optimizing Phase 0 completed
[15%] Optimizing Phase 1 completed
[25%] Optimizing Phase 2 completed
Running inference ...
[30%] Inferring Phase 0 completed
[40%] Inferring Phase 1 completed
[50%] Inferring Phase 2 completed
[55%] Inferring Phase 3 completed
Running technical mapping ...
[60%] Tech-Mapping Phase 0 completed
[65%] Tech-Mapping Phase 1 completed
[75%] Tech-Mapping Phase 2 completed
[80%] Tech-Mapping Phase 3 completed
[90%] Tech-Mapping Phase 4 completed
WARN  (NL0002) : The module "PLL_INIT" instantiated to "u_pll_init" is swept in optimizing("C:\Users\user\Downloads\SV_240812_mhut_2001\SV_240812_mhut_2001\pwm_servo\src\gowin_pll\gowin_pll.v":49)
[95%] Generate netlist file "C:\Users\user\Downloads\SV_240812_mhut_2001\SV_240812_mhut_2001\pwm_servo\impl\gwsynthesis\pwm_servo.vg" completed
[100%] Generate report file "C:\Users\user\Downloads\SV_240812_mhut_2001\SV_240812_mhut_2001\pwm_servo\impl\gwsynthesis\pwm_servo_syn.rpt.html" completed
GowinSynthesis finish
