Reading netlist file: "C:\Users\user\Downloads\SV_240812_mhut_2001\SV_240812_mhut_2001\pwm_servo\impl\gwsynthesis\pwm_servo.vg"
Parsing netlist file "C:\Users\user\Downloads\SV_240812_mhut_2001\SV_240812_mhut_2001\pwm_servo\impl\gwsynthesis\pwm_servo.vg" completed
Processing netlist completed
Reading constraint file: "C:\Users\user\Downloads\SV_240812_mhut_2001\SV_240812_mhut_2001\pwm_servo\src\pwm_servo.cst"
Physical Constraint parsed completed
Running placement......
[10%] Placement Phase 0 completed
[20%] Placement Phase 1 completed
[30%] Placement Phase 2 completed
[50%] Placement Phase 3 completed
Running routing......
[60%] Routing Phase 0 completed
[70%] Routing Phase 1 completed
[80%] Routing Phase 2 completed
[90%] Routing Phase 3 completed
Running timing analysis......
[95%] Timing analysis completed
Placement and routing completed
Bitstream generation in progress......
Bitstream generation completed
Running power analysis......
[100%] Power analysis completed
Generate file "C:\Users\user\Downloads\SV_240812_mhut_2001\SV_240812_mhut_2001\pwm_servo\impl\pnr\pwm_servo.power.html" completed
Generate file "C:\Users\user\Downloads\SV_240812_mhut_2001\SV_240812_mhut_2001\pwm_servo\impl\pnr\pwm_servo.pin.html" completed
Generate file "C:\Users\user\Downloads\SV_240812_mhut_2001\SV_240812_mhut_2001\pwm_servo\impl\pnr\pwm_servo.rpt.html" completed
Generate file "C:\Users\user\Downloads\SV_240812_mhut_2001\SV_240812_mhut_2001\pwm_servo\impl\pnr\pwm_servo.rpt.txt" completed
Generate file "C:\Users\user\Downloads\SV_240812_mhut_2001\SV_240812_mhut_2001\pwm_servo\impl\pnr\pwm_servo.tr.html" completed
Mon Jul 27 01:12:47 2026

